
> build
> vite build

[36mvite v6.4.1 [32mbuilding for production...[36m[39m
transforming...
[32mÔ£ô[39m 9 modules transformed.
node.exe : [31mÔ£ù[39m Build failed in 1.58s
At C:\Program Files\nodejs\npm.ps1:29 char:3
+   & $NODE_EXE $NPM_CLI_JS $args
+   ~~~~~~~~~~~~~~~~~~~~~~~~~~~~~
    + CategoryInfo          : NotSpecified: ([3 
   1mÔ£ù[39m Build failed in 1.58s:String) [],  
   RemoteException
    + FullyQualifiedErrorId : NativeCommandError
 
[31merror during build:
[31m[vite:vue] [vue/compiler-sfc] Identifier 
'MapPin' has already been declared. (11:4)

D:/PERSONAL/LARAVEL_HERD/landing-page-simpan-kk/r
esources/js/Pages/Admin/PengaturanWeb/Index.vue
9  |      Mail,
10 |      MapPin,
11 |      MapPin,
   |      ^
12 |      ExternalLink,
13 |      Image as ImageIcon,[31m
file: [36mD:/PERSONAL/LARAVEL_HERD/landing-page-
simpan-kk/resources/js/Pages/Admin/PengaturanWeb/
Index.vue:11:4[31m
    at constructor (D:\PERSONAL\LARAVEL_HERD\land
ing-page-simpan-kk\node_modules\@babel\parser\lib
\index.js:367:19)
    at Parser.raise (D:\PERSONAL\LARAVEL_HERD\lan
ding-page-simpan-kk\node_modules\@babel\parser\li
b\index.js:6624:19)
    at ScopeHandler.checkRedeclarationInScope (D:
\PERSONAL\LARAVEL_HERD\landing-page-simpan-kk\nod
e_modules\@babel\parser\lib\index.js:1646:19)
    at ScopeHandler.declareName (D:\PERSONAL\LARA
VEL_HERD\landing-page-simpan-kk\node_modules\@bab
el\parser\lib\index.js:1612:12)
    at Parser.declareNameFromIdentifier (D:\PERSO
NAL\LARAVEL_HERD\landing-page-simpan-kk\node_modu
les\@babel\parser\lib\index.js:7594:16)
    at Parser.checkIdentifier (D:\PERSONAL\LARAVE
L_HERD\landing-page-simpan-kk\node_modules\@babel
\parser\lib\index.js:7590:12)
    at Parser.checkLVal (D:\PERSONAL\LARAVEL_HERD
\landing-page-simpan-kk\node_modules\@babel\parse
r\lib\index.js:7527:12)
    at Parser.finishImportSpecifier (D:\PERSONAL\
LARAVEL_HERD\landing-page-simpan-kk\node_modules\
@babel\parser\lib\index.js:14342:10)
    at Parser.parseImportSpecifier (D:\PERSONAL\L
ARAVEL_HERD\landing-page-simpan-kk\node_modules\@
babel\parser\lib\index.js:14499:17)
    at Parser.parseNamedImportSpecifiers (D:\PERS
ONAL\LARAVEL_HERD\landing-page-simpan-kk\node_mod
ules\@babel\parser\lib\index.js:14478:36)[39m
